---
source: src/config.rs
expression: file
info:
  - /mnt/cache/git/rusthead/tests/configs/example.config.toml
  - ".env"
input_file: tests/configs/example.config.toml
---
# This file is auto generated please modify config.toml or config.local.toml instead!

CCP_BEAM_PROXY_FOCUS_KEY="JlRn)t~d@C"
ERIC_BEAM_PROXY_FOCUS_KEY="sdZ1N9tJiA"
