---
source: src/config.rs
expression: file
info: ".env"
input_file: tests/configs/example.config.toml
---
# This file is auto generated please modify config.toml or config.local.toml instead!

CCP_BEAM_PROXY_FOCUS_KEY="JlRn)t~d@C"
CCP_EXPORTER_API_KEY="7%rk)czK5l"
CCP_EXPORTER_DB_PASSWORD="sdZ1N9tJiA"
ERIC_BEAM_PROXY_FOCUS_KEY="6PtALlhDvu"
GBN_BEAM_PROXY_FOCUS_KEY="S8hj!kdEGZ"
