---
source: src/config.rs
expression: file
info: ".env"
input_file: tests/configs/example.config.toml
---
# This file is auto generated please modify config.toml or config.local.toml instead!

CCP_BEAM_PROXY_BEAM_CONNECT_KEY="^p1NmrGDIt"
CCP_BEAM_PROXY_FOCUS_KEY="aPf0CWPh&7"
CCP_BEAM_PROXY_TOKEN_MANAGER_KEY="duZtHH3Dw1"
CCP_DATASHIELD_DB_PASSWORD="!VNYM&ZXFY"
CCP_DATASHIELD_OPAL_ADMIN="!vcwg0k#)B"
CCP_DATASHIELD_TOKEN_MANAGER="xKt7aa!YiI"
CCP_EXPORTER_API_KEY="zU(uCgr#AC"
CCP_EXPORTER_DB_PASSWORD="%XZNwWMrEb"
CCP_EXPORTER_OPAL_PW="s2Uv(5inUS"
ERIC_BEAM_PROXY_FOCUS_KEY="OucBkKJeF@"
GBN_BEAM_PROXY_FOCUS_KEY="duZtHH3Dw1"
